DEBUG CACHE SET scripts.d/zz-final.sh : libiconv zlib fribidi gmp libxml2 openssl xz fonts lcevcdec libvorbis opencl pulseaudio vmaf x11 vulkan amf aom aribb24 avisynth chromaprint dav1d davs2 dvd fdk-aac ffnvcodec frei0r gme kvazaar libaribcaption libass libbluray libjxl libmp3lame libopus libplacebo librist libssh libtheora libvpx libwebp libzmq lilv onevpl openal openapv opencore-amr openh264 openjpeg openmpt rav1e rubberband schannel sdl snappy soxr srt svtav1 twolame uavs3d vaapi vidstab vvenc whisper x264 x265 xavs2 xvid zimg zvbi rpath
DEBUG CACHE SET libiconv : base
DEBUG CACHE SET base : mingw mingw-std-threads xorg-macros
DEBUG CACHE SET mingw :
DEBUG CACHE SET mingw-std-threads :
DEBUG CACHE SET xorg-macros :
DEBUG CACHE SET zlib : base
DEBUG CACHE HIT base
DEBUG CACHE HIT mingw
DEBUG CACHE HIT mingw-std-threads
DEBUG CACHE HIT xorg-macros
DEBUG CACHE SET fribidi : base
DEBUG CACHE HIT base
DEBUG CACHE HIT mingw
DEBUG CACHE HIT mingw-std-threads
DEBUG CACHE HIT xorg-macros
DEBUG CACHE SET gmp : base
DEBUG CACHE HIT base
DEBUG CACHE HIT mingw
DEBUG CACHE HIT mingw-std-threads
DEBUG CACHE HIT xorg-macros
DEBUG CACHE SET libxml2 : base libiconv
DEBUG CACHE HIT base
DEBUG CACHE HIT mingw
DEBUG CACHE HIT mingw-std-threads
DEBUG CACHE HIT xorg-macros
DEBUG CACHE HIT libiconv
DEBUG CACHE HIT base
DEBUG CACHE HIT mingw
DEBUG CACHE HIT mingw-std-threads
DEBUG CACHE HIT xorg-macros
DEBUG CACHE SET openssl : base zlib
DEBUG CACHE HIT base
DEBUG CACHE HIT mingw
DEBUG CACHE HIT mingw-std-threads
DEBUG CACHE HIT xorg-macros
DEBUG CACHE HIT zlib
DEBUG CACHE HIT base
DEBUG CACHE HIT mingw
DEBUG CACHE HIT mingw-std-threads
DEBUG CACHE HIT xorg-macros
DEBUG CACHE SET xz : base libiconv
DEBUG CACHE HIT base
DEBUG CACHE HIT mingw
DEBUG CACHE HIT mingw-std-threads
DEBUG CACHE HIT xorg-macros
DEBUG CACHE HIT libiconv
DEBUG CACHE HIT base
DEBUG CACHE HIT mingw
DEBUG CACHE HIT mingw-std-threads
DEBUG CACHE HIT xorg-macros
DEBUG CACHE SET scripts.d/45-fonts/25-freetype.sh : base
DEBUG CACHE SET scripts.d/45-fonts/35-fontconfig.sh : base libxml2 libiconv
DEBUG CACHE SET scripts.d/45-fonts/45-harfbuzz.sh : base
DEBUG CACHE SET scripts.d/45-fonts/50-freetype.sh : base
DEBUG CACHE SET fonts : base libiconv libxml2
DEBUG CACHE HIT base
DEBUG CACHE HIT mingw
DEBUG CACHE HIT mingw-std-threads
DEBUG CACHE HIT xorg-macros
DEBUG CACHE HIT libiconv
DEBUG CACHE HIT base
DEBUG CACHE HIT mingw
DEBUG CACHE HIT mingw-std-threads
DEBUG CACHE HIT xorg-macros
DEBUG CACHE HIT libxml2
DEBUG CACHE HIT base
DEBUG CACHE HIT mingw
DEBUG CACHE HIT mingw-std-threads
DEBUG CACHE HIT xorg-macros
DEBUG CACHE HIT libiconv
DEBUG CACHE HIT base
DEBUG CACHE HIT mingw
DEBUG CACHE HIT mingw-std-threads
DEBUG CACHE HIT xorg-macros
DEBUG CACHE SET lcevcdec : base
DEBUG CACHE HIT base
DEBUG CACHE HIT mingw
DEBUG CACHE HIT mingw-std-threads
DEBUG CACHE HIT xorg-macros
DEBUG CACHE SET libvorbis : base libogg
DEBUG CACHE HIT base
DEBUG CACHE HIT mingw
DEBUG CACHE HIT mingw-std-threads
DEBUG CACHE HIT xorg-macros
DEBUG CACHE SET libogg : base
DEBUG CACHE HIT base
DEBUG CACHE HIT mingw
DEBUG CACHE HIT mingw-std-threads
DEBUG CACHE HIT xorg-macros
DEBUG CACHE SET opencl : base
DEBUG CACHE HIT base
DEBUG CACHE HIT mingw
DEBUG CACHE HIT mingw-std-threads
DEBUG CACHE HIT xorg-macros
DEBUG CACHE SET pulseaudio :
DEBUG CACHE SET vmaf : base
DEBUG CACHE HIT base
DEBUG CACHE HIT mingw
DEBUG CACHE HIT mingw-std-threads
DEBUG CACHE HIT xorg-macros
DEBUG CACHE SET scripts.d/45-x11/10-xcbproto.sh :
DEBUG CACHE SET scripts.d/45-x11/10-xproto.sh :
DEBUG CACHE SET scripts.d/45-x11/10-xtrans.sh :
DEBUG CACHE SET scripts.d/45-x11/20-libxau.sh :
DEBUG CACHE SET scripts.d/45-x11/30-libxcb.sh :
DEBUG CACHE SET scripts.d/45-x11/40-libx11.sh :
DEBUG CACHE SET scripts.d/45-x11/50-libxext.sh :
DEBUG CACHE SET scripts.d/45-x11/50-libxfixes.sh :
DEBUG CACHE SET scripts.d/45-x11/50-libxi.sh :
DEBUG CACHE SET scripts.d/45-x11/50-libxinerama.sh :
DEBUG CACHE SET scripts.d/45-x11/50-libxrender.sh :
DEBUG CACHE SET scripts.d/45-x11/50-libxscrnsaver.sh :
DEBUG CACHE SET scripts.d/45-x11/50-libxxf86vm.sh :
DEBUG CACHE SET scripts.d/45-x11/60-libglvnd.sh :
DEBUG CACHE SET scripts.d/45-x11/60-libxcursor.sh :
DEBUG CACHE SET scripts.d/45-x11/60-libxrandr.sh :
DEBUG CACHE SET scripts.d/45-x11/60-libxv.sh :
DEBUG CACHE SET scripts.d/45-x11/99-finalize.sh :
DEBUG CACHE SET x11 :
DEBUG CACHE SET scripts.d/47-vulkan/40-vulkan-headers.sh : base
DEBUG CACHE SET scripts.d/47-vulkan/45-vulkan-loader.sh : base
DEBUG CACHE SET scripts.d/47-vulkan/50-shaderc.sh : base
DEBUG CACHE SET scripts.d/47-vulkan/55-spirv-cross.sh : base
DEBUG CACHE SET scripts.d/47-vulkan/99-enable.sh : base
DEBUG CACHE SET vulkan : base
DEBUG CACHE HIT base
DEBUG CACHE HIT mingw
DEBUG CACHE HIT mingw-std-threads
DEBUG CACHE HIT xorg-macros
DEBUG CACHE SET amf : base
DEBUG CACHE HIT base
DEBUG CACHE HIT mingw
DEBUG CACHE HIT mingw-std-threads
DEBUG CACHE HIT xorg-macros
DEBUG CACHE SET aom : base vmaf
DEBUG CACHE HIT base
DEBUG CACHE HIT mingw
DEBUG CACHE HIT mingw-std-threads
DEBUG CACHE HIT xorg-macros
DEBUG CACHE HIT vmaf
DEBUG CACHE HIT base
DEBUG CACHE HIT mingw
DEBUG CACHE HIT mingw-std-threads
DEBUG CACHE HIT xorg-macros
DEBUG CACHE SET scripts.d/50-aribb24/25-libpng.sh : base zlib
DEBUG CACHE SET scripts.d/50-aribb24/50-libaribb24.sh : base
DEBUG CACHE SET aribb24 : base zlib
DEBUG CACHE HIT base
DEBUG CACHE HIT mingw
DEBUG CACHE HIT mingw-std-threads
DEBUG CACHE HIT xorg-macros
DEBUG CACHE HIT zlib
DEBUG CACHE HIT base
DEBUG CACHE HIT mingw
DEBUG CACHE HIT mingw-std-threads
DEBUG CACHE HIT xorg-macros
DEBUG CACHE SET avisynth : base
DEBUG CACHE HIT base
DEBUG CACHE HIT mingw
DEBUG CACHE HIT mingw-std-threads
DEBUG CACHE HIT xorg-macros
DEBUG CACHE SET chromaprint : base fftw3
DEBUG CACHE HIT base
DEBUG CACHE HIT mingw
DEBUG CACHE HIT mingw-std-threads
DEBUG CACHE HIT xorg-macros
DEBUG CACHE SET fftw3 : base
DEBUG CACHE HIT base
DEBUG CACHE HIT mingw
DEBUG CACHE HIT mingw-std-threads
DEBUG CACHE HIT xorg-macros
DEBUG CACHE SET dav1d : base
DEBUG CACHE HIT base
DEBUG CACHE HIT mingw
DEBUG CACHE HIT mingw-std-threads
DEBUG CACHE HIT xorg-macros
DEBUG CACHE SET davs2 : base
DEBUG CACHE HIT base
DEBUG CACHE HIT mingw
DEBUG CACHE HIT mingw-std-threads
DEBUG CACHE HIT xorg-macros
DEBUG CACHE SET scripts.d/50-dvd/30-libdvdcss.sh : base
DEBUG CACHE SET scripts.d/50-dvd/40-libdvdread.sh : base
DEBUG CACHE SET scripts.d/50-dvd/50-libdvdnav.sh : base
DEBUG CACHE SET dvd : base
DEBUG CACHE HIT base
DEBUG CACHE HIT mingw
DEBUG CACHE HIT mingw-std-threads
DEBUG CACHE HIT xorg-macros
DEBUG CACHE SET fdk-aac :
DEBUG CACHE SET ffnvcodec : base
DEBUG CACHE HIT base
DEBUG CACHE HIT mingw
DEBUG CACHE HIT mingw-std-threads
DEBUG CACHE HIT xorg-macros
DEBUG CACHE SET frei0r : base
DEBUG CACHE HIT base
DEBUG CACHE HIT mingw
DEBUG CACHE HIT mingw-std-threads
DEBUG CACHE HIT xorg-macros
DEBUG CACHE SET gme : base
DEBUG CACHE HIT base
DEBUG CACHE HIT mingw
DEBUG CACHE HIT mingw-std-threads
DEBUG CACHE HIT xorg-macros
DEBUG CACHE SET kvazaar : base
DEBUG CACHE HIT base
DEBUG CACHE HIT mingw
DEBUG CACHE HIT mingw-std-threads
DEBUG CACHE HIT xorg-macros
DEBUG CACHE SET libaribcaption : base fonts
DEBUG CACHE HIT base
DEBUG CACHE HIT mingw
DEBUG CACHE HIT mingw-std-threads
DEBUG CACHE HIT xorg-macros
DEBUG CACHE HIT fonts
DEBUG CACHE HIT base
DEBUG CACHE HIT mingw
DEBUG CACHE HIT mingw-std-threads
DEBUG CACHE HIT xorg-macros
DEBUG CACHE HIT libiconv
DEBUG CACHE HIT base
DEBUG CACHE HIT mingw
DEBUG CACHE HIT mingw-std-threads
DEBUG CACHE HIT xorg-macros
DEBUG CACHE HIT libxml2
DEBUG CACHE HIT base
DEBUG CACHE HIT mingw
DEBUG CACHE HIT mingw-std-threads
DEBUG CACHE HIT xorg-macros
DEBUG CACHE HIT libiconv
DEBUG CACHE HIT base
DEBUG CACHE HIT mingw
DEBUG CACHE HIT mingw-std-threads
DEBUG CACHE HIT xorg-macros
DEBUG CACHE SET libass : base fonts fribidi libiconv
DEBUG CACHE HIT base
DEBUG CACHE HIT mingw
DEBUG CACHE HIT mingw-std-threads
DEBUG CACHE HIT xorg-macros
DEBUG CACHE HIT fonts
DEBUG CACHE HIT base
DEBUG CACHE HIT mingw
DEBUG CACHE HIT mingw-std-threads
DEBUG CACHE HIT xorg-macros
DEBUG CACHE HIT libiconv
DEBUG CACHE HIT base
DEBUG CACHE HIT mingw
DEBUG CACHE HIT mingw-std-threads
DEBUG CACHE HIT xorg-macros
DEBUG CACHE HIT libxml2
DEBUG CACHE HIT base
DEBUG CACHE HIT mingw
DEBUG CACHE HIT mingw-std-threads
DEBUG CACHE HIT xorg-macros
DEBUG CACHE HIT libiconv
DEBUG CACHE HIT base
DEBUG CACHE HIT mingw
DEBUG CACHE HIT mingw-std-threads
DEBUG CACHE HIT xorg-macros
DEBUG CACHE HIT fribidi
DEBUG CACHE HIT base
DEBUG CACHE HIT mingw
DEBUG CACHE HIT mingw-std-threads
DEBUG CACHE HIT xorg-macros
DEBUG CACHE HIT libiconv
DEBUG CACHE HIT base
DEBUG CACHE HIT mingw
DEBUG CACHE HIT mingw-std-threads
DEBUG CACHE HIT xorg-macros
DEBUG CACHE SET libbluray : base libxml2 fonts libudfread
DEBUG CACHE HIT base
DEBUG CACHE HIT mingw
DEBUG CACHE HIT mingw-std-threads
DEBUG CACHE HIT xorg-macros
DEBUG CACHE HIT libxml2
DEBUG CACHE HIT base
DEBUG CACHE HIT mingw
DEBUG CACHE HIT mingw-std-threads
DEBUG CACHE HIT xorg-macros
DEBUG CACHE HIT libiconv
DEBUG CACHE HIT base
DEBUG CACHE HIT mingw
DEBUG CACHE HIT mingw-std-threads
DEBUG CACHE HIT xorg-macros
DEBUG CACHE HIT fonts
DEBUG CACHE HIT base
DEBUG CACHE HIT mingw
DEBUG CACHE HIT mingw-std-threads
DEBUG CACHE HIT xorg-macros
DEBUG CACHE HIT libiconv
DEBUG CACHE HIT base
DEBUG CACHE HIT mingw
DEBUG CACHE HIT mingw-std-threads
DEBUG CACHE HIT xorg-macros
DEBUG CACHE HIT libxml2
DEBUG CACHE HIT base
DEBUG CACHE HIT mingw
DEBUG CACHE HIT mingw-std-threads
DEBUG CACHE HIT xorg-macros
DEBUG CACHE HIT libiconv
DEBUG CACHE HIT base
DEBUG CACHE HIT mingw
DEBUG CACHE HIT mingw-std-threads
DEBUG CACHE HIT xorg-macros
DEBUG CACHE SET libudfread : base
DEBUG CACHE HIT base
DEBUG CACHE HIT mingw
DEBUG CACHE HIT mingw-std-threads
DEBUG CACHE HIT xorg-macros
DEBUG CACHE SET scripts.d/50-libjxl/45-brotli.sh : base
DEBUG CACHE SET scripts.d/50-libjxl/45-lcms2.sh : base
DEBUG CACHE SET scripts.d/50-libjxl/50-libjxl.sh : base
DEBUG CACHE SET libjxl : base
DEBUG CACHE HIT base
DEBUG CACHE HIT mingw
DEBUG CACHE HIT mingw-std-threads
DEBUG CACHE HIT xorg-macros
DEBUG CACHE SET libmp3lame : base libiconv
DEBUG CACHE HIT base
DEBUG CACHE HIT mingw
DEBUG CACHE HIT mingw-std-threads
DEBUG CACHE HIT xorg-macros
DEBUG CACHE HIT libiconv
DEBUG CACHE HIT base
DEBUG CACHE HIT mingw
DEBUG CACHE HIT mingw-std-threads
DEBUG CACHE HIT xorg-macros
DEBUG CACHE SET libopus : base
DEBUG CACHE HIT base
DEBUG CACHE HIT mingw
DEBUG CACHE HIT mingw-std-threads
DEBUG CACHE HIT xorg-macros
DEBUG CACHE SET libplacebo : base vulkan
DEBUG CACHE HIT base
DEBUG CACHE HIT mingw
DEBUG CACHE HIT mingw-std-threads
DEBUG CACHE HIT xorg-macros
DEBUG CACHE HIT vulkan
DEBUG CACHE HIT base
DEBUG CACHE HIT mingw
DEBUG CACHE HIT mingw-std-threads
DEBUG CACHE HIT xorg-macros
DEBUG CACHE SET scripts.d/50-librist/40-mbedtls.sh : base
DEBUG CACHE SET scripts.d/50-librist/50-librist.sh : base
DEBUG CACHE SET librist : base
DEBUG CACHE HIT base
DEBUG CACHE HIT mingw
DEBUG CACHE HIT mingw-std-threads
DEBUG CACHE HIT xorg-macros
DEBUG CACHE SET libssh : base zlib openssl
DEBUG CACHE HIT base
DEBUG CACHE HIT mingw
DEBUG CACHE HIT mingw-std-threads
DEBUG CACHE HIT xorg-macros
DEBUG CACHE HIT zlib
DEBUG CACHE HIT base
DEBUG CACHE HIT mingw
DEBUG CACHE HIT mingw-std-threads
DEBUG CACHE HIT xorg-macros
DEBUG CACHE HIT openssl
DEBUG CACHE HIT base
DEBUG CACHE HIT mingw
DEBUG CACHE HIT mingw-std-threads
DEBUG CACHE HIT xorg-macros
DEBUG CACHE HIT zlib
DEBUG CACHE HIT base
DEBUG CACHE HIT mingw
DEBUG CACHE HIT mingw-std-threads
DEBUG CACHE HIT xorg-macros
DEBUG CACHE SET libtheora : base libogg
DEBUG CACHE HIT base
DEBUG CACHE HIT mingw
DEBUG CACHE HIT mingw-std-threads
DEBUG CACHE HIT xorg-macros
DEBUG CACHE HIT libogg
DEBUG CACHE HIT base
DEBUG CACHE HIT mingw
DEBUG CACHE HIT mingw-std-threads
DEBUG CACHE HIT xorg-macros
DEBUG CACHE SET libvpx : base
DEBUG CACHE HIT base
DEBUG CACHE HIT mingw
DEBUG CACHE HIT mingw-std-threads
DEBUG CACHE HIT xorg-macros
DEBUG CACHE SET libwebp : base
DEBUG CACHE HIT base
DEBUG CACHE HIT mingw
DEBUG CACHE HIT mingw-std-threads
DEBUG CACHE HIT xorg-macros
DEBUG CACHE SET libzmq : base
DEBUG CACHE HIT base
DEBUG CACHE HIT mingw
DEBUG CACHE HIT mingw-std-threads
DEBUG CACHE HIT xorg-macros
DEBUG CACHE SET scripts.d/50-lilv/96-lv2.sh : base
DEBUG CACHE SET scripts.d/50-lilv/96-serd.sh : base
DEBUG CACHE SET scripts.d/50-lilv/96-zix.sh : base
DEBUG CACHE SET scripts.d/50-lilv/97-sord.sh : base
DEBUG CACHE SET scripts.d/50-lilv/98-sratom.sh : base
DEBUG CACHE SET scripts.d/50-lilv/99-lilv.sh : base
DEBUG CACHE SET lilv : base
DEBUG CACHE HIT base
DEBUG CACHE HIT mingw
DEBUG CACHE HIT mingw-std-threads
DEBUG CACHE HIT xorg-macros
DEBUG CACHE SET onevpl : base
DEBUG CACHE HIT base
DEBUG CACHE HIT mingw
DEBUG CACHE HIT mingw-std-threads
DEBUG CACHE HIT xorg-macros
DEBUG CACHE SET openal : base
DEBUG CACHE HIT base
DEBUG CACHE HIT mingw
DEBUG CACHE HIT mingw-std-threads
DEBUG CACHE HIT xorg-macros
DEBUG CACHE SET openapv : base
DEBUG CACHE HIT base
DEBUG CACHE HIT mingw
DEBUG CACHE HIT mingw-std-threads
DEBUG CACHE HIT xorg-macros
DEBUG CACHE SET opencore-amr : base
DEBUG CACHE HIT base
DEBUG CACHE HIT mingw
DEBUG CACHE HIT mingw-std-threads
DEBUG CACHE HIT xorg-macros
DEBUG CACHE SET openh264 : base
DEBUG CACHE HIT base
DEBUG CACHE HIT mingw
DEBUG CACHE HIT mingw-std-threads
DEBUG CACHE HIT xorg-macros
DEBUG CACHE SET openjpeg : base
DEBUG CACHE HIT base
DEBUG CACHE HIT mingw
DEBUG CACHE HIT mingw-std-threads
DEBUG CACHE HIT xorg-macros
DEBUG CACHE SET openmpt : base zlib libogg libvorbis
DEBUG CACHE HIT base
DEBUG CACHE HIT mingw
DEBUG CACHE HIT mingw-std-threads
DEBUG CACHE HIT xorg-macros
DEBUG CACHE HIT zlib
DEBUG CACHE HIT base
DEBUG CACHE HIT mingw
DEBUG CACHE HIT mingw-std-threads
DEBUG CACHE HIT xorg-macros
DEBUG CACHE HIT libogg
DEBUG CACHE HIT base
DEBUG CACHE HIT mingw
DEBUG CACHE HIT mingw-std-threads
DEBUG CACHE HIT xorg-macros
DEBUG CACHE HIT libvorbis
DEBUG CACHE HIT base
DEBUG CACHE HIT mingw
DEBUG CACHE HIT mingw-std-threads
DEBUG CACHE HIT xorg-macros
DEBUG CACHE HIT libogg
DEBUG CACHE HIT base
DEBUG CACHE HIT mingw
DEBUG CACHE HIT mingw-std-threads
DEBUG CACHE HIT xorg-macros
DEBUG CACHE SET rav1e : base
DEBUG CACHE HIT base
DEBUG CACHE HIT mingw
DEBUG CACHE HIT mingw-std-threads
DEBUG CACHE HIT xorg-macros
DEBUG CACHE SET rubberband : base fftw3 libsamplerate
DEBUG CACHE HIT base
DEBUG CACHE HIT mingw
DEBUG CACHE HIT mingw-std-threads
DEBUG CACHE HIT xorg-macros
DEBUG CACHE HIT fftw3
DEBUG CACHE HIT base
DEBUG CACHE HIT mingw
DEBUG CACHE HIT mingw-std-threads
DEBUG CACHE HIT xorg-macros
DEBUG CACHE SET libsamplerate : base
DEBUG CACHE HIT base
DEBUG CACHE HIT mingw
DEBUG CACHE HIT mingw-std-threads
DEBUG CACHE HIT xorg-macros
DEBUG CACHE SET schannel :
DEBUG CACHE SET sdl : base libiconv x11 pulseaudio libsamplerate
DEBUG CACHE HIT base
DEBUG CACHE HIT mingw
DEBUG CACHE HIT mingw-std-threads
DEBUG CACHE HIT xorg-macros
DEBUG CACHE HIT libiconv
DEBUG CACHE HIT base
DEBUG CACHE HIT mingw
DEBUG CACHE HIT mingw-std-threads
DEBUG CACHE HIT xorg-macros
DEBUG CACHE HIT x11
DEBUG CACHE HIT pulseaudio
DEBUG CACHE HIT libsamplerate
DEBUG CACHE HIT base
DEBUG CACHE HIT mingw
DEBUG CACHE HIT mingw-std-threads
DEBUG CACHE HIT xorg-macros
DEBUG CACHE SET snappy : base
DEBUG CACHE HIT base
DEBUG CACHE HIT mingw
DEBUG CACHE HIT mingw-std-threads
DEBUG CACHE HIT xorg-macros
DEBUG CACHE SET soxr : base
DEBUG CACHE HIT base
DEBUG CACHE HIT mingw
DEBUG CACHE HIT mingw-std-threads
DEBUG CACHE HIT xorg-macros
DEBUG CACHE SET srt : base openssl
DEBUG CACHE HIT base
DEBUG CACHE HIT mingw
DEBUG CACHE HIT mingw-std-threads
DEBUG CACHE HIT xorg-macros
DEBUG CACHE HIT openssl
DEBUG CACHE HIT base
DEBUG CACHE HIT mingw
DEBUG CACHE HIT mingw-std-threads
DEBUG CACHE HIT xorg-macros
DEBUG CACHE HIT zlib
DEBUG CACHE HIT base
DEBUG CACHE HIT mingw
DEBUG CACHE HIT mingw-std-threads
DEBUG CACHE HIT xorg-macros
DEBUG CACHE SET svtav1 : base
DEBUG CACHE HIT base
DEBUG CACHE HIT mingw
DEBUG CACHE HIT mingw-std-threads
DEBUG CACHE HIT xorg-macros
DEBUG CACHE SET twolame : base
DEBUG CACHE HIT base
DEBUG CACHE HIT mingw
DEBUG CACHE HIT mingw-std-threads
DEBUG CACHE HIT xorg-macros
DEBUG CACHE SET uavs3d : base
DEBUG CACHE HIT base
DEBUG CACHE HIT mingw
DEBUG CACHE HIT mingw-std-threads
DEBUG CACHE HIT xorg-macros
DEBUG CACHE SET scripts.d/50-vaapi/30-libpciaccess.sh :
DEBUG CACHE SET scripts.d/50-vaapi/40-libdrm.sh :
DEBUG CACHE SET scripts.d/50-vaapi/50-libva.sh : base x11
DEBUG CACHE SET scripts.d/50-vaapi/99-finalize.sh : base
DEBUG CACHE SET vaapi : base x11
DEBUG CACHE HIT base
DEBUG CACHE HIT mingw
DEBUG CACHE HIT mingw-std-threads
DEBUG CACHE HIT xorg-macros
DEBUG CACHE HIT x11
DEBUG CACHE SET vidstab : base
DEBUG CACHE HIT base
DEBUG CACHE HIT mingw
DEBUG CACHE HIT mingw-std-threads
DEBUG CACHE HIT xorg-macros
DEBUG CACHE SET vvenc : base
DEBUG CACHE HIT base
DEBUG CACHE HIT mingw
DEBUG CACHE HIT mingw-std-threads
DEBUG CACHE HIT xorg-macros
DEBUG CACHE SET whisper : base vulkan opencl
DEBUG CACHE HIT base
DEBUG CACHE HIT mingw
DEBUG CACHE HIT mingw-std-threads
DEBUG CACHE HIT xorg-macros
DEBUG CACHE HIT vulkan
DEBUG CACHE HIT base
DEBUG CACHE HIT mingw
DEBUG CACHE HIT mingw-std-threads
DEBUG CACHE HIT xorg-macros
DEBUG CACHE HIT opencl
DEBUG CACHE HIT base
DEBUG CACHE HIT mingw
DEBUG CACHE HIT mingw-std-threads
DEBUG CACHE HIT xorg-macros
DEBUG CACHE SET x264 : base
DEBUG CACHE HIT base
DEBUG CACHE HIT mingw
DEBUG CACHE HIT mingw-std-threads
DEBUG CACHE HIT xorg-macros
DEBUG CACHE SET x265 : base
DEBUG CACHE HIT base
DEBUG CACHE HIT mingw
DEBUG CACHE HIT mingw-std-threads
DEBUG CACHE HIT xorg-macros
DEBUG CACHE SET xavs2 : base
DEBUG CACHE HIT base
DEBUG CACHE HIT mingw
DEBUG CACHE HIT mingw-std-threads
DEBUG CACHE HIT xorg-macros
DEBUG CACHE SET xvid : base
DEBUG CACHE HIT base
DEBUG CACHE HIT mingw
DEBUG CACHE HIT mingw-std-threads
DEBUG CACHE HIT xorg-macros
DEBUG CACHE SET zimg : base
DEBUG CACHE HIT base
DEBUG CACHE HIT mingw
DEBUG CACHE HIT mingw-std-threads
DEBUG CACHE HIT xorg-macros
DEBUG CACHE SET zvbi : base libiconv
DEBUG CACHE HIT base
DEBUG CACHE HIT mingw
DEBUG CACHE HIT mingw-std-threads
DEBUG CACHE HIT xorg-macros
DEBUG CACHE HIT libiconv
DEBUG CACHE HIT base
DEBUG CACHE HIT mingw
DEBUG CACHE HIT mingw-std-threads
DEBUG CACHE HIT xorg-macros
DEBUG CACHE SET rpath :
DEBUG CACHE SET pulseaudio :
DEBUG CACHE SET rpath :
DEBUG CACHE SET scripts.d/45-x11/10-xcbproto.sh :
DEBUG CACHE SET scripts.d/45-x11/10-xproto.sh :
DEBUG CACHE SET scripts.d/45-x11/10-xtrans.sh :
DEBUG CACHE SET scripts.d/45-x11/20-libxau.sh :
DEBUG CACHE SET scripts.d/45-x11/30-libxcb.sh :
DEBUG CACHE SET scripts.d/45-x11/40-libx11.sh :
DEBUG CACHE SET scripts.d/45-x11/50-libxext.sh :
DEBUG CACHE SET scripts.d/45-x11/50-libxfixes.sh :
DEBUG CACHE SET scripts.d/45-x11/50-libxi.sh :
DEBUG CACHE SET scripts.d/45-x11/50-libxinerama.sh :
DEBUG CACHE SET scripts.d/45-x11/50-libxrender.sh :
DEBUG CACHE SET scripts.d/45-x11/50-libxscrnsaver.sh :
DEBUG CACHE SET scripts.d/45-x11/50-libxxf86vm.sh :
DEBUG CACHE SET scripts.d/45-x11/60-libglvnd.sh :
DEBUG CACHE SET scripts.d/45-x11/60-libxcursor.sh :
DEBUG CACHE SET scripts.d/45-x11/60-libxrandr.sh :
DEBUG CACHE SET scripts.d/45-x11/60-libxv.sh :
DEBUG CACHE SET scripts.d/45-x11/99-finalize.sh :
DEBUG CACHE SET x11 :
DEBUG CACHE SET xorg-macros :
DEBUG CACHE SET scripts.d/zz-final.sh : libiconv zlib fribidi gmp libxml2 openssl xz fonts lcevcdec libvorbis opencl pulseaudio vmaf x11 vulkan amf aom aribb24 avisynth chromaprint dav1d davs2 dvd fdk-aac ffnvcodec frei0r gme kvazaar libaribcaption libass libbluray libjxl libmp3lame libopus libplacebo librist libssh libtheora libvpx libwebp libzmq lilv onevpl openal openapv opencore-amr openh264 openjpeg openmpt rav1e rubberband schannel sdl snappy soxr srt svtav1 twolame uavs3d vaapi vidstab vvenc whisper x264 x265 xavs2 xvid zimg zvbi rpath
DEBUG CACHE SET libiconv : base
DEBUG CACHE SET base : mingw mingw-std-threads xorg-macros
DEBUG CACHE SET zlib : base
DEBUG CACHE HIT base
DEBUG CACHE SET fribidi : base
DEBUG CACHE HIT base
DEBUG CACHE SET gmp : base
DEBUG CACHE HIT base
DEBUG CACHE SET libxml2 : base libiconv
DEBUG CACHE HIT base
DEBUG CACHE HIT libiconv
DEBUG CACHE HIT base
DEBUG CACHE SET openssl : base zlib
DEBUG CACHE HIT base
DEBUG CACHE HIT zlib
DEBUG CACHE HIT base
DEBUG CACHE SET xz : base libiconv
DEBUG CACHE HIT base
DEBUG CACHE HIT libiconv
DEBUG CACHE HIT base
DEBUG CACHE SET scripts.d/45-fonts/25-freetype.sh : base
DEBUG CACHE SET scripts.d/45-fonts/35-fontconfig.sh : base libxml2 libiconv
DEBUG CACHE SET scripts.d/45-fonts/45-harfbuzz.sh : base
DEBUG CACHE SET scripts.d/45-fonts/50-freetype.sh : base
DEBUG CACHE SET fonts : base libiconv libxml2
DEBUG CACHE HIT base
DEBUG CACHE HIT libiconv
DEBUG CACHE HIT base
DEBUG CACHE HIT libxml2
DEBUG CACHE HIT base
DEBUG CACHE HIT libiconv
DEBUG CACHE HIT base
DEBUG CACHE SET lcevcdec : base
DEBUG CACHE HIT base
DEBUG CACHE SET libvorbis : base libogg
DEBUG CACHE HIT base
DEBUG CACHE SET libogg : base
DEBUG CACHE HIT base
DEBUG CACHE SET opencl : base
DEBUG CACHE HIT base
DEBUG CACHE SET vmaf : base
DEBUG CACHE HIT base
DEBUG CACHE SET scripts.d/47-vulkan/40-vulkan-headers.sh : base
DEBUG CACHE SET scripts.d/47-vulkan/45-vulkan-loader.sh : base
DEBUG CACHE SET scripts.d/47-vulkan/50-shaderc.sh : base
DEBUG CACHE SET scripts.d/47-vulkan/55-spirv-cross.sh : base
DEBUG CACHE SET scripts.d/47-vulkan/99-enable.sh : base
DEBUG CACHE SET vulkan : base
DEBUG CACHE HIT base
DEBUG CACHE SET amf : base
DEBUG CACHE HIT base
DEBUG CACHE SET aom : base vmaf
DEBUG CACHE HIT base
DEBUG CACHE HIT vmaf
DEBUG CACHE HIT base
DEBUG CACHE SET scripts.d/50-aribb24/25-libpng.sh : base zlib
DEBUG CACHE SET scripts.d/50-aribb24/50-libaribb24.sh : base
DEBUG CACHE SET aribb24 : base zlib
DEBUG CACHE HIT base
DEBUG CACHE HIT zlib
DEBUG CACHE HIT base
DEBUG CACHE SET avisynth : base
DEBUG CACHE HIT base
DEBUG CACHE SET chromaprint : base fftw3
DEBUG CACHE HIT base
DEBUG CACHE SET fftw3 : base
DEBUG CACHE HIT base
DEBUG CACHE SET dav1d : base
DEBUG CACHE HIT base
DEBUG CACHE SET davs2 : base
DEBUG CACHE HIT base
DEBUG CACHE SET scripts.d/50-dvd/30-libdvdcss.sh : base
DEBUG CACHE SET scripts.d/50-dvd/40-libdvdread.sh : base
DEBUG CACHE SET scripts.d/50-dvd/50-libdvdnav.sh : base
DEBUG CACHE SET dvd : base
DEBUG CACHE HIT base
DEBUG CACHE SET ffnvcodec : base
DEBUG CACHE HIT base
DEBUG CACHE SET frei0r : base
DEBUG CACHE HIT base
DEBUG CACHE SET gme : base
DEBUG CACHE HIT base
DEBUG CACHE SET kvazaar : base
DEBUG CACHE HIT base
DEBUG CACHE SET libaribcaption : base fonts
DEBUG CACHE HIT base
DEBUG CACHE HIT fonts
DEBUG CACHE HIT base
DEBUG CACHE HIT libiconv
DEBUG CACHE HIT base
DEBUG CACHE HIT libxml2
DEBUG CACHE HIT base
DEBUG CACHE HIT libiconv
DEBUG CACHE HIT base
DEBUG CACHE SET libass : base fonts fribidi libiconv
DEBUG CACHE HIT base
DEBUG CACHE HIT fonts
DEBUG CACHE HIT base
DEBUG CACHE HIT libiconv
DEBUG CACHE HIT base
DEBUG CACHE HIT libxml2
DEBUG CACHE HIT base
DEBUG CACHE HIT libiconv
DEBUG CACHE HIT base
DEBUG CACHE HIT fribidi
DEBUG CACHE HIT base
DEBUG CACHE HIT libiconv
DEBUG CACHE HIT base
DEBUG CACHE SET libbluray : base libxml2 fonts libudfread
DEBUG CACHE HIT base
DEBUG CACHE HIT libxml2
DEBUG CACHE HIT base
DEBUG CACHE HIT libiconv
DEBUG CACHE HIT base
DEBUG CACHE HIT fonts
DEBUG CACHE HIT base
DEBUG CACHE HIT libiconv
DEBUG CACHE HIT base
DEBUG CACHE HIT libxml2
DEBUG CACHE HIT base
DEBUG CACHE HIT libiconv
DEBUG CACHE HIT base
DEBUG CACHE SET libudfread : base
DEBUG CACHE HIT base
DEBUG CACHE SET scripts.d/50-libjxl/45-brotli.sh : base
DEBUG CACHE SET scripts.d/50-libjxl/45-lcms2.sh : base
DEBUG CACHE SET scripts.d/50-libjxl/50-libjxl.sh : base
DEBUG CACHE SET libjxl : base
DEBUG CACHE HIT base
DEBUG CACHE SET libmp3lame : base libiconv
DEBUG CACHE HIT base
DEBUG CACHE HIT libiconv
DEBUG CACHE HIT base
DEBUG CACHE SET libopus : base
DEBUG CACHE HIT base
DEBUG CACHE SET libplacebo : base vulkan
DEBUG CACHE HIT base
DEBUG CACHE HIT vulkan
DEBUG CACHE HIT base
DEBUG CACHE SET scripts.d/50-librist/40-mbedtls.sh : base
DEBUG CACHE SET scripts.d/50-librist/50-librist.sh : base
DEBUG CACHE SET librist : base
DEBUG CACHE HIT base
DEBUG CACHE SET libssh : base zlib openssl
DEBUG CACHE HIT base
DEBUG CACHE HIT zlib
DEBUG CACHE HIT base
DEBUG CACHE HIT openssl
DEBUG CACHE HIT base
DEBUG CACHE HIT zlib
DEBUG CACHE HIT base
DEBUG CACHE SET libtheora : base libogg
DEBUG CACHE HIT base
DEBUG CACHE HIT libogg
DEBUG CACHE HIT base
DEBUG CACHE SET libvpx : base
DEBUG CACHE HIT base
DEBUG CACHE SET libwebp : base
DEBUG CACHE HIT base
DEBUG CACHE SET libzmq : base
DEBUG CACHE HIT base
DEBUG CACHE SET scripts.d/50-lilv/96-lv2.sh : base
DEBUG CACHE SET scripts.d/50-lilv/96-serd.sh : base
DEBUG CACHE SET scripts.d/50-lilv/96-zix.sh : base
DEBUG CACHE SET scripts.d/50-lilv/97-sord.sh : base
DEBUG CACHE SET scripts.d/50-lilv/98-sratom.sh : base
DEBUG CACHE SET scripts.d/50-lilv/99-lilv.sh : base
DEBUG CACHE SET lilv : base
DEBUG CACHE HIT base
DEBUG CACHE SET onevpl : base
DEBUG CACHE HIT base
DEBUG CACHE SET openal : base
DEBUG CACHE HIT base
DEBUG CACHE SET openapv : base
DEBUG CACHE HIT base
DEBUG CACHE SET opencore-amr : base
DEBUG CACHE HIT base
DEBUG CACHE SET openh264 : base
DEBUG CACHE HIT base
DEBUG CACHE SET openjpeg : base
DEBUG CACHE HIT base
DEBUG CACHE SET openmpt : base zlib libogg libvorbis
DEBUG CACHE HIT base
DEBUG CACHE HIT zlib
DEBUG CACHE HIT base
DEBUG CACHE HIT libogg
DEBUG CACHE HIT base
DEBUG CACHE HIT libvorbis
DEBUG CACHE HIT base
DEBUG CACHE HIT libogg
DEBUG CACHE HIT base
DEBUG CACHE SET rav1e : base
DEBUG CACHE HIT base
DEBUG CACHE SET rubberband : base fftw3 libsamplerate
DEBUG CACHE HIT base
DEBUG CACHE HIT fftw3
DEBUG CACHE HIT base
DEBUG CACHE SET libsamplerate : base
DEBUG CACHE HIT base
DEBUG CACHE SET sdl : base libiconv x11 pulseaudio libsamplerate
DEBUG CACHE HIT base
DEBUG CACHE HIT libiconv
DEBUG CACHE HIT base
DEBUG CACHE HIT libsamplerate
DEBUG CACHE HIT base
DEBUG CACHE SET snappy : base
DEBUG CACHE HIT base
DEBUG CACHE SET soxr : base
DEBUG CACHE HIT base
DEBUG CACHE SET srt : base openssl
DEBUG CACHE HIT base
DEBUG CACHE HIT openssl
DEBUG CACHE HIT base
DEBUG CACHE HIT zlib
DEBUG CACHE HIT base
DEBUG CACHE SET svtav1 : base
DEBUG CACHE HIT base
DEBUG CACHE SET twolame : base
DEBUG CACHE HIT base
DEBUG CACHE SET uavs3d : base
DEBUG CACHE HIT base
DEBUG CACHE SET scripts.d/50-vaapi/30-libpciaccess.sh :
DEBUG CACHE SET scripts.d/50-vaapi/40-libdrm.sh :
DEBUG CACHE SET scripts.d/50-vaapi/50-libva.sh : base x11
DEBUG CACHE SET scripts.d/50-vaapi/99-finalize.sh : base
DEBUG CACHE SET vaapi : base x11
DEBUG CACHE HIT base
DEBUG CACHE SET vidstab : base
DEBUG CACHE HIT base
DEBUG CACHE SET vvenc : base
DEBUG CACHE HIT base
DEBUG CACHE SET whisper : base vulkan opencl
DEBUG CACHE HIT base
DEBUG CACHE HIT vulkan
DEBUG CACHE HIT base
DEBUG CACHE HIT opencl
DEBUG CACHE HIT base
DEBUG CACHE SET x264 : base
DEBUG CACHE HIT base
DEBUG CACHE SET x265 : base
DEBUG CACHE HIT base
DEBUG CACHE SET xavs2 : base
DEBUG CACHE HIT base
DEBUG CACHE SET xvid : base
DEBUG CACHE HIT base
DEBUG CACHE SET zimg : base
DEBUG CACHE HIT base
DEBUG CACHE SET zvbi : base libiconv
DEBUG CACHE HIT base
DEBUG CACHE HIT libiconv
DEBUG CACHE HIT base
DEBUG CACHE SET base : mingw mingw-std-threads xorg-macros
DEBUG CACHE SET scripts.d/zz-final.sh : libiconv zlib fribidi gmp libxml2 openssl xz fonts lcevcdec libvorbis opencl pulseaudio vmaf x11 vulkan amf aom aribb24 avisynth chromaprint dav1d davs2 dvd fdk-aac ffnvcodec frei0r gme kvazaar libaribcaption libass libbluray libjxl libmp3lame libopus libplacebo librist libssh libtheora libvpx libwebp libzmq lilv onevpl openal openapv opencore-amr openh264 openjpeg openmpt rav1e rubberband schannel sdl snappy soxr srt svtav1 twolame uavs3d vaapi vidstab vvenc whisper x264 x265 xavs2 xvid zimg zvbi rpath
DEBUG CACHE SET libiconv : base
DEBUG CACHE SET zlib : base
DEBUG CACHE SET fribidi : base
DEBUG CACHE SET gmp : base
DEBUG CACHE SET libxml2 : base libiconv
DEBUG CACHE HIT libiconv
DEBUG CACHE SET openssl : base zlib
DEBUG CACHE HIT zlib
DEBUG CACHE SET xz : base libiconv
DEBUG CACHE HIT libiconv
DEBUG CACHE SET scripts.d/45-fonts/25-freetype.sh : base
DEBUG CACHE SET scripts.d/45-fonts/35-fontconfig.sh : base libxml2 libiconv
DEBUG CACHE SET scripts.d/45-fonts/45-harfbuzz.sh : base
DEBUG CACHE SET scripts.d/45-fonts/50-freetype.sh : base
DEBUG CACHE SET fonts : base libiconv libxml2
DEBUG CACHE HIT libiconv
DEBUG CACHE HIT libxml2
DEBUG CACHE HIT libiconv
DEBUG CACHE SET lcevcdec : base
DEBUG CACHE SET libvorbis : base libogg
DEBUG CACHE SET libogg : base
DEBUG CACHE SET opencl : base
DEBUG CACHE SET vmaf : base
DEBUG CACHE SET scripts.d/47-vulkan/40-vulkan-headers.sh : base
DEBUG CACHE SET scripts.d/47-vulkan/45-vulkan-loader.sh : base
DEBUG CACHE SET scripts.d/47-vulkan/50-shaderc.sh : base
DEBUG CACHE SET scripts.d/47-vulkan/55-spirv-cross.sh : base
DEBUG CACHE SET scripts.d/47-vulkan/99-enable.sh : base
DEBUG CACHE SET vulkan : base
DEBUG CACHE SET amf : base
DEBUG CACHE SET aom : base vmaf
DEBUG CACHE HIT vmaf
DEBUG CACHE SET scripts.d/50-aribb24/25-libpng.sh : base zlib
DEBUG CACHE SET scripts.d/50-aribb24/50-libaribb24.sh : base
DEBUG CACHE SET aribb24 : base zlib
DEBUG CACHE HIT zlib
DEBUG CACHE SET avisynth : base
DEBUG CACHE SET chromaprint : base fftw3
DEBUG CACHE SET fftw3 : base
DEBUG CACHE SET dav1d : base
DEBUG CACHE SET davs2 : base
DEBUG CACHE SET scripts.d/50-dvd/30-libdvdcss.sh : base
DEBUG CACHE SET scripts.d/50-dvd/40-libdvdread.sh : base
DEBUG CACHE SET scripts.d/50-dvd/50-libdvdnav.sh : base
DEBUG CACHE SET dvd : base
DEBUG CACHE SET ffnvcodec : base
DEBUG CACHE SET frei0r : base
DEBUG CACHE SET gme : base
DEBUG CACHE SET kvazaar : base
DEBUG CACHE SET libaribcaption : base fonts
DEBUG CACHE HIT fonts
DEBUG CACHE HIT libiconv
DEBUG CACHE HIT libxml2
DEBUG CACHE HIT libiconv
DEBUG CACHE SET libass : base fonts fribidi libiconv
DEBUG CACHE HIT fonts
DEBUG CACHE HIT libiconv
DEBUG CACHE HIT libxml2
DEBUG CACHE HIT libiconv
DEBUG CACHE HIT fribidi
DEBUG CACHE HIT libiconv
DEBUG CACHE SET libbluray : base libxml2 fonts libudfread
DEBUG CACHE HIT libxml2
DEBUG CACHE HIT libiconv
DEBUG CACHE HIT fonts
DEBUG CACHE HIT libiconv
DEBUG CACHE HIT libxml2
DEBUG CACHE HIT libiconv
DEBUG CACHE SET libudfread : base
DEBUG CACHE SET scripts.d/50-libjxl/45-brotli.sh : base
DEBUG CACHE SET scripts.d/50-libjxl/45-lcms2.sh : base
DEBUG CACHE SET scripts.d/50-libjxl/50-libjxl.sh : base
DEBUG CACHE SET libjxl : base
DEBUG CACHE SET libmp3lame : base libiconv
DEBUG CACHE HIT libiconv
DEBUG CACHE SET libopus : base
DEBUG CACHE SET libplacebo : base vulkan
DEBUG CACHE HIT vulkan
DEBUG CACHE SET scripts.d/50-librist/40-mbedtls.sh : base
DEBUG CACHE SET scripts.d/50-librist/50-librist.sh : base
DEBUG CACHE SET librist : base
DEBUG CACHE SET libssh : base zlib openssl
DEBUG CACHE HIT zlib
DEBUG CACHE HIT openssl
DEBUG CACHE HIT zlib
DEBUG CACHE SET libtheora : base libogg
DEBUG CACHE HIT libogg
DEBUG CACHE SET libvpx : base
DEBUG CACHE SET libwebp : base
DEBUG CACHE SET libzmq : base
DEBUG CACHE SET scripts.d/50-lilv/96-lv2.sh : base
DEBUG CACHE SET scripts.d/50-lilv/96-serd.sh : base
DEBUG CACHE SET scripts.d/50-lilv/96-zix.sh : base
DEBUG CACHE SET scripts.d/50-lilv/97-sord.sh : base
DEBUG CACHE SET scripts.d/50-lilv/98-sratom.sh : base
DEBUG CACHE SET scripts.d/50-lilv/99-lilv.sh : base
DEBUG CACHE SET lilv : base
DEBUG CACHE SET onevpl : base
DEBUG CACHE SET openal : base
DEBUG CACHE SET openapv : base
DEBUG CACHE SET opencore-amr : base
DEBUG CACHE SET openh264 : base
DEBUG CACHE SET openjpeg : base
DEBUG CACHE SET openmpt : base zlib libogg libvorbis
DEBUG CACHE HIT zlib
DEBUG CACHE HIT libogg
DEBUG CACHE HIT libvorbis
DEBUG CACHE HIT libogg
DEBUG CACHE SET rav1e : base
DEBUG CACHE SET rubberband : base fftw3 libsamplerate
DEBUG CACHE HIT fftw3
DEBUG CACHE SET libsamplerate : base
DEBUG CACHE SET sdl : base libiconv x11 pulseaudio libsamplerate
DEBUG CACHE HIT libiconv
DEBUG CACHE HIT libsamplerate
DEBUG CACHE SET snappy : base
DEBUG CACHE SET soxr : base
DEBUG CACHE SET srt : base openssl
DEBUG CACHE HIT openssl
DEBUG CACHE HIT zlib
DEBUG CACHE SET svtav1 : base
DEBUG CACHE SET twolame : base
DEBUG CACHE SET uavs3d : base
DEBUG CACHE SET scripts.d/50-vaapi/30-libpciaccess.sh :
DEBUG CACHE SET scripts.d/50-vaapi/40-libdrm.sh :
DEBUG CACHE SET scripts.d/50-vaapi/50-libva.sh : base x11
DEBUG CACHE SET scripts.d/50-vaapi/99-finalize.sh : base
DEBUG CACHE SET vaapi : base x11
DEBUG CACHE SET vidstab : base
DEBUG CACHE SET vvenc : base
DEBUG CACHE SET whisper : base vulkan opencl
DEBUG CACHE HIT vulkan
DEBUG CACHE HIT opencl
DEBUG CACHE SET x264 : base
DEBUG CACHE SET x265 : base
DEBUG CACHE SET xavs2 : base
DEBUG CACHE SET xvid : base
DEBUG CACHE SET zimg : base
DEBUG CACHE SET zvbi : base libiconv
DEBUG CACHE HIT libiconv
DEBUG CACHE SET amf : base
DEBUG CACHE SET avisynth : base
DEBUG CACHE SET dav1d : base
DEBUG CACHE SET davs2 : base
DEBUG CACHE SET scripts.d/50-dvd/30-libdvdcss.sh : base
DEBUG CACHE SET scripts.d/50-dvd/40-libdvdread.sh : base
DEBUG CACHE SET scripts.d/50-dvd/50-libdvdnav.sh : base
DEBUG CACHE SET dvd : base
DEBUG CACHE SET base : mingw mingw-std-threads xorg-macros
DEBUG SUBDEP: base
DEBUG CACHE SET ffnvcodec : base
DEBUG CACHE SET fftw3 : base
DEBUG CACHE SET frei0r : base
DEBUG CACHE SET fribidi : base
DEBUG CACHE SET gme : base
DEBUG CACHE SET gmp : base
DEBUG CACHE SET kvazaar : base
DEBUG CACHE SET lcevcdec : base
DEBUG CACHE SET libiconv : base
DEBUG CACHE SET scripts.d/50-libjxl/45-brotli.sh : base
DEBUG CACHE SET scripts.d/50-libjxl/45-lcms2.sh : base
DEBUG CACHE SET scripts.d/50-libjxl/50-libjxl.sh : base
DEBUG CACHE SET libjxl : base
DEBUG CACHE SET base : mingw mingw-std-threads xorg-macros
DEBUG SUBDEP: base
DEBUG CACHE SET libogg : base
DEBUG CACHE SET libopus : base
DEBUG CACHE SET scripts.d/50-librist/40-mbedtls.sh : base
DEBUG CACHE SET scripts.d/50-librist/50-librist.sh : base
DEBUG CACHE SET librist : base
DEBUG CACHE SET base : mingw mingw-std-threads xorg-macros
DEBUG SUBDEP: base
DEBUG CACHE SET libsamplerate : base
DEBUG CACHE SET libudfread : base
DEBUG CACHE SET libvpx : base
DEBUG CACHE SET libwebp : base
DEBUG CACHE SET libzmq : base
DEBUG CACHE SET scripts.d/50-lilv/96-lv2.sh : base
DEBUG CACHE SET scripts.d/50-lilv/96-serd.sh : base
DEBUG CACHE SET scripts.d/50-lilv/96-zix.sh : base
DEBUG CACHE SET scripts.d/50-lilv/97-sord.sh : base
DEBUG CACHE SET scripts.d/50-lilv/98-sratom.sh : base
DEBUG CACHE SET scripts.d/50-lilv/99-lilv.sh : base
DEBUG CACHE SET lilv : base
DEBUG CACHE SET base : mingw mingw-std-threads xorg-macros
DEBUG SUBDEP: base
DEBUG CACHE SET onevpl : base
DEBUG CACHE SET openal : base
DEBUG CACHE SET openapv : base
DEBUG CACHE SET opencl : base
DEBUG CACHE SET opencore-amr : base
DEBUG CACHE SET openh264 : base
DEBUG CACHE SET openjpeg : base
DEBUG CACHE SET rav1e : base
DEBUG CACHE SET snappy : base
DEBUG CACHE SET soxr : base
DEBUG CACHE SET svtav1 : base
DEBUG CACHE SET twolame : base
DEBUG CACHE SET uavs3d : base
DEBUG CACHE SET scripts.d/50-vaapi/30-libpciaccess.sh :
DEBUG CACHE SET scripts.d/50-vaapi/40-libdrm.sh :
DEBUG CACHE SET scripts.d/50-vaapi/50-libva.sh : base x11
DEBUG CACHE SET scripts.d/50-vaapi/99-finalize.sh : base
DEBUG CACHE SET vaapi : base x11
DEBUG CACHE SET base : mingw mingw-std-threads xorg-macros
DEBUG CACHE SET scripts.d/45-x11/10-xcbproto.sh :
DEBUG CACHE SET scripts.d/45-x11/10-xproto.sh :
DEBUG CACHE SET scripts.d/45-x11/10-xtrans.sh :
DEBUG CACHE SET scripts.d/45-x11/20-libxau.sh :
DEBUG CACHE SET scripts.d/45-x11/30-libxcb.sh :
DEBUG CACHE SET scripts.d/45-x11/40-libx11.sh :
DEBUG CACHE SET scripts.d/45-x11/50-libxext.sh :
DEBUG CACHE SET scripts.d/45-x11/50-libxfixes.sh :
DEBUG CACHE SET scripts.d/45-x11/50-libxi.sh :
DEBUG CACHE SET scripts.d/45-x11/50-libxinerama.sh :
DEBUG CACHE SET scripts.d/45-x11/50-libxrender.sh :
DEBUG CACHE SET scripts.d/45-x11/50-libxscrnsaver.sh :
DEBUG CACHE SET scripts.d/45-x11/50-libxxf86vm.sh :
DEBUG CACHE SET scripts.d/45-x11/60-libglvnd.sh :
DEBUG CACHE SET scripts.d/45-x11/60-libxcursor.sh :
DEBUG CACHE SET scripts.d/45-x11/60-libxrandr.sh :
DEBUG CACHE SET scripts.d/45-x11/60-libxv.sh :
DEBUG CACHE SET scripts.d/45-x11/99-finalize.sh :
DEBUG CACHE SET x11 :
DEBUG SUBDEP: base
DEBUG SUBDEP: x11
DEBUG CACHE SET vidstab : base
DEBUG CACHE SET vmaf : base
DEBUG CACHE SET scripts.d/47-vulkan/40-vulkan-headers.sh : base
DEBUG CACHE SET scripts.d/47-vulkan/45-vulkan-loader.sh : base
DEBUG CACHE SET scripts.d/47-vulkan/50-shaderc.sh : base
DEBUG CACHE SET scripts.d/47-vulkan/55-spirv-cross.sh : base
DEBUG CACHE SET scripts.d/47-vulkan/99-enable.sh : base
DEBUG CACHE SET vulkan : base
DEBUG CACHE SET base : mingw mingw-std-threads xorg-macros
DEBUG SUBDEP: base
DEBUG CACHE SET vvenc : base
DEBUG CACHE SET x264 : base
DEBUG CACHE SET x265 : base
DEBUG CACHE SET xavs2 : base
DEBUG CACHE SET xvid : base
DEBUG CACHE SET zimg : base
DEBUG CACHE SET zlib : base
DEBUG CACHE SET scripts.d/zz-final.sh : libiconv zlib fribidi gmp libxml2 openssl xz fonts lcevcdec libvorbis opencl pulseaudio vmaf x11 vulkan amf aom aribb24 avisynth chromaprint dav1d davs2 dvd fdk-aac ffnvcodec frei0r gme kvazaar libaribcaption libass libbluray libjxl libmp3lame libopus libplacebo librist libssh libtheora libvpx libwebp libzmq lilv onevpl openal openapv opencore-amr openh264 openjpeg openmpt rav1e rubberband schannel sdl snappy soxr srt svtav1 twolame uavs3d vaapi vidstab vvenc whisper x264 x265 xavs2 xvid zimg zvbi rpath
DEBUG CACHE SET libxml2 : base libiconv
DEBUG CACHE SET openssl : base zlib
DEBUG CACHE SET xz : base libiconv
DEBUG CACHE SET scripts.d/45-fonts/25-freetype.sh : base
DEBUG CACHE SET scripts.d/45-fonts/35-fontconfig.sh : base libxml2 libiconv
DEBUG CACHE SET scripts.d/45-fonts/45-harfbuzz.sh : base
DEBUG CACHE SET scripts.d/45-fonts/50-freetype.sh : base
DEBUG CACHE SET fonts : base libiconv libxml2
DEBUG CACHE HIT libxml2
DEBUG CACHE SET libvorbis : base libogg
DEBUG CACHE SET aom : base vmaf
DEBUG CACHE SET scripts.d/50-aribb24/25-libpng.sh : base zlib
DEBUG CACHE SET scripts.d/50-aribb24/50-libaribb24.sh : base
DEBUG CACHE SET aribb24 : base zlib
DEBUG CACHE SET chromaprint : base fftw3
DEBUG CACHE SET libaribcaption : base fonts
DEBUG CACHE HIT fonts
DEBUG CACHE HIT libxml2
DEBUG CACHE SET libass : base fonts fribidi libiconv
DEBUG CACHE HIT fonts
DEBUG CACHE HIT libxml2
DEBUG CACHE SET libbluray : base libxml2 fonts libudfread
DEBUG CACHE HIT libxml2
DEBUG CACHE HIT fonts
DEBUG CACHE HIT libxml2
DEBUG CACHE SET libmp3lame : base libiconv
DEBUG CACHE SET libplacebo : base vulkan
DEBUG CACHE SET libssh : base zlib openssl
DEBUG CACHE HIT openssl
DEBUG CACHE SET libtheora : base libogg
DEBUG CACHE SET openmpt : base zlib libogg libvorbis
DEBUG CACHE HIT libvorbis
DEBUG CACHE SET rubberband : base fftw3 libsamplerate
DEBUG CACHE SET sdl : base libiconv x11 pulseaudio libsamplerate
DEBUG CACHE SET srt : base openssl
DEBUG CACHE HIT openssl
DEBUG CACHE SET whisper : base vulkan opencl
DEBUG CACHE SET zvbi : base libiconv
DEBUG CACHE SET aom : base vmaf
DEBUG CACHE SET scripts.d/50-aribb24/25-libpng.sh : base zlib
DEBUG CACHE SET scripts.d/50-aribb24/50-libaribb24.sh : base
DEBUG CACHE SET aribb24 : base zlib
DEBUG CACHE SET base : mingw mingw-std-threads xorg-macros
DEBUG CACHE SET zlib : base
DEBUG SUBDEP: base
DEBUG SUBDEP: zlib
DEBUG CACHE SET chromaprint : base fftw3
DEBUG CACHE SET libmp3lame : base libiconv
DEBUG CACHE SET libplacebo : base vulkan
DEBUG CACHE SET libtheora : base libogg
DEBUG CACHE SET libvorbis : base libogg
DEBUG CACHE SET libxml2 : base libiconv
DEBUG CACHE SET openssl : base zlib
DEBUG CACHE SET rubberband : base fftw3 libsamplerate
DEBUG CACHE SET sdl : base libiconv x11 pulseaudio libsamplerate
DEBUG CACHE SET whisper : base vulkan opencl
DEBUG CACHE SET xz : base libiconv
DEBUG CACHE SET zvbi : base libiconv
DEBUG CACHE SET scripts.d/zz-final.sh : libiconv zlib fribidi gmp libxml2 openssl xz fonts lcevcdec libvorbis opencl pulseaudio vmaf x11 vulkan amf aom aribb24 avisynth chromaprint dav1d davs2 dvd fdk-aac ffnvcodec frei0r gme kvazaar libaribcaption libass libbluray libjxl libmp3lame libopus libplacebo librist libssh libtheora libvpx libwebp libzmq lilv onevpl openal openapv opencore-amr openh264 openjpeg openmpt rav1e rubberband schannel sdl snappy soxr srt svtav1 twolame uavs3d vaapi vidstab vvenc whisper x264 x265 xavs2 xvid zimg zvbi rpath
DEBUG CACHE SET scripts.d/45-fonts/25-freetype.sh : base
DEBUG CACHE SET scripts.d/45-fonts/35-fontconfig.sh : base libxml2 libiconv
DEBUG CACHE SET scripts.d/45-fonts/45-harfbuzz.sh : base
DEBUG CACHE SET scripts.d/45-fonts/50-freetype.sh : base
DEBUG CACHE SET fonts : base libiconv libxml2
DEBUG CACHE SET libaribcaption : base fonts
DEBUG CACHE HIT fonts
DEBUG CACHE SET libass : base fonts fribidi libiconv
DEBUG CACHE HIT fonts
DEBUG CACHE SET libbluray : base libxml2 fonts libudfread
DEBUG CACHE HIT fonts
DEBUG CACHE SET libssh : base zlib openssl
DEBUG CACHE SET openmpt : base zlib libogg libvorbis
DEBUG CACHE SET srt : base openssl
DEBUG CACHE SET scripts.d/45-fonts/25-freetype.sh : base
DEBUG CACHE SET scripts.d/45-fonts/35-fontconfig.sh : base libxml2 libiconv
DEBUG CACHE SET scripts.d/45-fonts/45-harfbuzz.sh : base
DEBUG CACHE SET scripts.d/45-fonts/50-freetype.sh : base
DEBUG CACHE SET fonts : base libiconv libxml2
DEBUG CACHE SET base : mingw mingw-std-threads xorg-macros
DEBUG CACHE SET libiconv : base
DEBUG CACHE SET libxml2 : base libiconv
DEBUG SUBDEP: base
DEBUG SUBDEP: libiconv
DEBUG SUBDEP: libxml2
DEBUG CACHE SET libssh : base zlib openssl
DEBUG CACHE SET openmpt : base zlib libogg libvorbis
DEBUG CACHE SET srt : base openssl
DEBUG CACHE SET scripts.d/zz-final.sh : libiconv zlib fribidi gmp libxml2 openssl xz fonts lcevcdec libvorbis opencl pulseaudio vmaf x11 vulkan amf aom aribb24 avisynth chromaprint dav1d davs2 dvd fdk-aac ffnvcodec frei0r gme kvazaar libaribcaption libass libbluray libjxl libmp3lame libopus libplacebo librist libssh libtheora libvpx libwebp libzmq lilv onevpl openal openapv opencore-amr openh264 openjpeg openmpt rav1e rubberband schannel sdl snappy soxr srt svtav1 twolame uavs3d vaapi vidstab vvenc whisper x264 x265 xavs2 xvid zimg zvbi rpath
DEBUG CACHE SET libaribcaption : base fonts
DEBUG CACHE SET libass : base fonts fribidi libiconv
DEBUG CACHE SET libbluray : base libxml2 fonts libudfread
DEBUG CACHE SET libaribcaption : base fonts
DEBUG CACHE SET libass : base fonts fribidi libiconv
DEBUG CACHE SET libbluray : base libxml2 fonts libudfread
DEBUG CACHE SET scripts.d/zz-final.sh : libiconv zlib fribidi gmp libxml2 openssl xz fonts lcevcdec libvorbis opencl pulseaudio vmaf x11 vulkan amf aom aribb24 avisynth chromaprint dav1d davs2 dvd fdk-aac ffnvcodec frei0r gme kvazaar libaribcaption libass libbluray libjxl libmp3lame libopus libplacebo librist libssh libtheora libvpx libwebp libzmq lilv onevpl openal openapv opencore-amr openh264 openjpeg openmpt rav1e rubberband schannel sdl snappy soxr srt svtav1 twolame uavs3d vaapi vidstab vvenc whisper x264 x265 xavs2 xvid zimg zvbi rpath
DEBUG CACHE SET scripts.d/zz-final.sh : libiconv zlib fribidi gmp libxml2 openssl xz fonts lcevcdec libvorbis opencl pulseaudio vmaf x11 vulkan amf aom aribb24 avisynth chromaprint dav1d davs2 dvd fdk-aac ffnvcodec frei0r gme kvazaar libaribcaption libass libbluray libjxl libmp3lame libopus libplacebo librist libssh libtheora libvpx libwebp libzmq lilv onevpl openal openapv opencore-amr openh264 openjpeg openmpt rav1e rubberband schannel sdl snappy soxr srt svtav1 twolame uavs3d vaapi vidstab vvenc whisper x264 x265 xavs2 xvid zimg zvbi rpath
./generate.sh: line 220: Dockerfile.final: No such file or directory
